\BOOKMARK [1][-]{section*.2}{\376\377\000I\000n\000t\000r\000o\000d\000u\000c\000c\000i\000\363\000n}{}% 1
\BOOKMARK [1][-]{section.1}{\376\377\000E\000j\000e\000r\000c\000i\000c\000i\000o\000\040\0001}{}% 2
\BOOKMARK [1][-]{section.2}{\376\377\000E\000j\000e\000r\000c\000i\000c\000i\000o\000\040\0002}{}% 3
\BOOKMARK [2][-]{subsection.2.1}{\376\377\000D\000i\000f\000e\000r\000e\000n\000c\000i\000a\000\040\000e\000n\000t\000r\000e\000\040\000f\000a\000u\000l\000t\000\040\000y\000\040\000f\000a\000i\000l\000u\000r\000e}{section.2}% 4
\BOOKMARK [1][-]{section.3}{\376\377\000E\000j\000e\000r\000c\000i\000c\000i\000o\000\040\0003}{}% 5
\BOOKMARK [2][-]{subsection.3.1}{\376\377\000P\000r\000o\000g\000r\000a\000m\000a\000\040\0001\000:\000\040\000f\000i\000n\000d\000L\000a\000s\000t\000\050\000i\000n\000t\000[\000]\000\040\000x\000,\000\040\000i\000n\000t\000\040\000y\000\051}{section.3}% 6
\BOOKMARK [2][-]{subsection.3.2}{\376\377\000P\000r\000o\000g\000r\000a\000m\000a\000\040\0002\000:\000\040\000l\000a\000s\000t\000Z\000e\000r\000o\000\050\000i\000n\000t\000[\000]\000\040\000x\000\051}{section.3}% 7
\BOOKMARK [2][-]{subsection.3.3}{\376\377\000P\000r\000o\000g\000r\000a\000m\000a\000\040\0003\000:\000\040\000c\000o\000u\000n\000t\000P\000o\000s\000i\000t\000i\000v\000e\000\050\000i\000n\000t\000[\000]\000\040\000x\000\051}{section.3}% 8
\BOOKMARK [2][-]{subsection.3.4}{\376\377\000P\000r\000o\000g\000r\000a\000m\000a\000\040\0004\000:\000\040\000o\000d\000d\000O\000r\000P\000o\000s\000\050\000i\000n\000t\000[\000]\000\040\000x\000\051}{section.3}% 9
\BOOKMARK [2][-]{subsection.3.5}{\376\377\000S\000\355\000n\000t\000e\000s\000i\000s\000\040\000d\000e\000l\000\040\000e\000j\000e\000r\000c\000i\000c\000i\000o}{section.3}% 10
\BOOKMARK [1][-]{section.4}{\376\377\000E\000j\000e\000r\000c\000i\000c\000i\000o\000\040\0004}{}% 11
\BOOKMARK [2][-]{subsection.4.1}{\376\377\000R\000e\000p\000a\000r\000a\000c\000i\000o\000n\000e\000s\000\040\000i\000m\000p\000l\000e\000m\000e\000n\000t\000a\000d\000a\000s}{section.4}% 12
\BOOKMARK [2][-]{subsection.4.2}{\376\377\000C\000a\000s\000o\000s\000\040\000d\000e\000\040\000p\000r\000u\000e\000b\000a\000\040\000J\000U\000n\000i\000t}{section.4}% 13
\BOOKMARK [2][-]{subsection.4.3}{\376\377\000D\000e\000t\000e\000c\000c\000i\000\363\000n\000\040\000d\000e\000\040\000f\000a\000l\000l\000a\000\040\000u\000s\000a\000n\000d\000o\000\040\000e\000l\000\040\000m\000o\000d\000e\000l\000o\000\040\000R\000I\000P\000R}{section.4}% 14
\BOOKMARK [2][-]{subsection.4.4}{\376\377\000E\000j\000e\000c\000u\000c\000i\000\363\000n\000\040\000d\000e\000\040\000p\000r\000u\000e\000b\000a\000s}{section.4}% 15
\BOOKMARK [1][-]{section.5}{\376\377\000E\000j\000e\000r\000c\000i\000c\000i\000o\000\040\0005}{}% 16
\BOOKMARK [2][-]{subsection.5.1}{\376\377\000A\000n\000\341\000l\000i\000s\000i\000s\000\040\000d\000e\000\040\000P\000o\000i\000n\000t}{section.5}% 17
\BOOKMARK [2][-]{subsection.5.2}{\376\377\000A\000n\000\341\000l\000i\000s\000i\000s\000\040\000d\000e\000\040\000C\000o\000l\000o\000r\000P\000o\000i\000n\000t}{section.5}% 18
\BOOKMARK [1][-]{section*.31}{\376\377\000E\000j\000e\000r\000c\000i\000c\000i\000o\000\040\0006}{}% 19
\BOOKMARK [2][-]{subsection.6.1}{\376\377\000A\000c\000l\000a\000r\000a\000c\000i\000\363\000n\000\040\000s\000o\000b\000r\000e\000\040\000e\000l\000\040\000m\000a\000t\000e\000r\000i\000a\000l\000\040\000p\000r\000o\000v\000i\000s\000t\000o}{section*.31}% 20
\BOOKMARK [2][-]{subsection.6.2}{\376\377\000a\000\051\000\040\000N\000u\000e\000v\000o\000s\000\040\000t\000e\000s\000t\000s\000,\000\040\000f\000a\000l\000l\000a\000\040\000d\000e\000t\000e\000c\000t\000a\000d\000a\000\040\000y\000\040\000c\000o\000r\000r\000e\000c\000c\000i\000\363\000n}{section*.31}% 21
\BOOKMARK [2][-]{subsection.6.3}{\376\377\000b\000\051\000\040\000I\000d\000e\000n\000t\000i\000f\000i\000c\000a\000c\000i\000\363\000n\000\040\000d\000e\000\040\000A\000r\000r\000a\000n\000g\000e\040\023\000A\000c\000t\040\023\000A\000s\000s\000e\000r\000t}{section*.31}% 22
\BOOKMARK [2][-]{subsection.6.4}{\376\377\000E\000j\000e\000c\000u\000c\000i\000\363\000n\000\040\000d\000e\000\040\000p\000r\000u\000e\000b\000a\000s}{section*.31}% 23
\BOOKMARK [1][-]{section.7}{\376\377\000E\000j\000e\000r\000c\000i\000c\000i\000o\000\040\0007}{}% 24
\BOOKMARK [2][-]{subsection.7.1}{\376\377\000A\000c\000l\000a\000r\000a\000c\000i\000\363\000n\000\040\000s\000o\000b\000r\000e\000\040\000e\000l\000\040\000m\000a\000t\000e\000r\000i\000a\000l\000\040\000p\000r\000o\000v\000i\000s\000t\000o}{section.7}% 25
\BOOKMARK [2][-]{subsection.7.2}{\376\377\000T\000e\000s\000t\000s\000\040\000i\000m\000p\000l\000e\000m\000e\000n\000t\000a\000d\000o\000s}{section.7}% 26
\BOOKMARK [2][-]{subsection.7.3}{\376\377\000R\000e\000s\000u\000l\000t\000a\000d\000o\000\040\000y\000\040\000a\000n\000\341\000l\000i\000s\000i\000s}{section.7}% 27
\BOOKMARK [2][-]{subsection.7.4}{\376\377\000I\000d\000e\000n\000t\000i\000f\000i\000c\000a\000c\000i\000\363\000n\000\040\000d\000e\000\040\000A\000r\000r\000a\000n\000g\000e\040\023\000A\000c\000t\040\023\000A\000s\000s\000e\000r\000t}{section.7}% 28
\BOOKMARK [1][-]{section*.32}{\376\377\000C\000o\000n\000c\000l\000u\000s\000i\000o\000n\000e\000s}{}% 29
