\BOOKMARK [1][-]{section*.2}{\376\377\000I\000n\000t\000r\000o\000d\000u\000c\000c\000i\000\363\000n}{}% 1
\BOOKMARK [1][-]{section.1}{\376\377\000E\000j\000e\000r\000c\000i\000c\000i\000o\000\040\0001}{}% 2
\BOOKMARK [1][-]{section.2}{\376\377\000E\000j\000e\000r\000c\000i\000c\000i\000o\000\040\0002}{}% 3
\BOOKMARK [2][-]{subsection.2.1}{\376\377\000M\000\351\000t\000o\000d\000o\000s\000\040\000c\000u\000b\000i\000e\000r\000t\000o\000s}{section.2}% 4
\BOOKMARK [2][-]{subsection.2.2}{\376\377\000A\000r\000c\000h\000i\000v\000o\000s\000\040\000a\000g\000r\000e\000g\000a\000d\000o\000s}{section.2}% 5
\BOOKMARK [2][-]{subsection.2.3}{\376\377\000E\000s\000t\000r\000a\000t\000e\000g\000i\000a\000\040\000d\000e\000\040\000p\000a\000r\000a\000m\000e\000t\000r\000i\000z\000a\000c\000i\000\363\000n}{section.2}% 6
\BOOKMARK [2][-]{subsection.2.4}{\376\377\000E\000j\000e\000c\000u\000c\000i\000\363\000n}{section.2}% 7
\BOOKMARK [2][-]{subsection.2.5}{\376\377\000R\000e\000s\000u\000l\000t\000a\000d\000o\000\040\000e\000s\000p\000e\000r\000a\000d\000o}{section.2}% 8
\BOOKMARK [1][-]{section.3}{\376\377\000E\000j\000e\000r\000c\000i\000c\000i\000o\000\040\0003}{}% 9
\BOOKMARK [2][-]{subsection.3.1}{\376\377\000A\000r\000c\000h\000i\000v\000o\000s\000\040\000t\000r\000a\000b\000a\000j\000a\000d\000o\000s}{section.3}% 10
\BOOKMARK [2][-]{subsection.3.2}{\376\377\000C\000o\000b\000e\000r\000t\000u\000r\000a\000\040\000d\000e\000\040\000p\000r\000u\000e\000b\000a\000s}{section.3}% 11
\BOOKMARK [2][-]{subsection.3.3}{\376\377\000C\000a\000m\000b\000i\000o\000s\000\040\000e\000n\000\040\000l\000a\000\040\000i\000m\000p\000l\000e\000m\000e\000n\000t\000a\000c\000i\000\363\000n}{section.3}% 12
\BOOKMARK [2][-]{subsection.3.4}{\376\377\000I\000n\000c\000o\000n\000v\000e\000n\000i\000e\000n\000t\000e\000s\000\040\000e\000n\000c\000o\000n\000t\000r\000a\000d\000o\000s}{section.3}% 13
\BOOKMARK [2][-]{subsection.3.5}{\376\377\000E\000j\000e\000c\000u\000c\000i\000\363\000n}{section.3}% 14
\BOOKMARK [1][-]{section.4}{\376\377\000E\000j\000e\000r\000c\000i\000c\000i\000o\000\040\0004}{}% 15
\BOOKMARK [2][-]{subsection.4.1}{\376\377\000A\000r\000c\000h\000i\000v\000o\000s}{section.4}% 16
\BOOKMARK [2][-]{subsection.4.2}{\376\377\000C\000o\000b\000e\000r\000t\000u\000r\000a\000\040\000d\000e\000\040\000c\000a\000s\000o\000s}{section.4}% 17
\BOOKMARK [2][-]{subsection.4.3}{\376\377\000E\000j\000e\000c\000u\000c\000i\000\363\000n}{section.4}% 18
\BOOKMARK [1][-]{section.5}{\376\377\000E\000j\000e\000r\000c\000i\000c\000i\000o\000\040\0005}{}% 19
\BOOKMARK [2][-]{subsection.5.1}{\376\377\000A\000r\000c\000h\000i\000v\000o\000s}{section.5}% 20
\BOOKMARK [2][-]{subsection.5.2}{\376\377\000C\000o\000b\000e\000r\000t\000u\000r\000a\000\040\000d\000e\000\040\000p\000r\000u\000e\000b\000a\000s}{section.5}% 21
\BOOKMARK [2][-]{subsection.5.3}{\376\377\000F\000a\000l\000l\000a\000s\000\040\000d\000e\000t\000e\000c\000t\000a\000d\000a\000s\000\040\000a\000n\000t\000e\000s\000\040\000d\000e\000\040\000c\000o\000r\000r\000e\000g\000i\000r}{section.5}% 22
\BOOKMARK [2][-]{subsection.5.4}{\376\377\000C\000a\000u\000s\000a\000\040\000d\000e\000l\000\040\000d\000e\000f\000e\000c\000t\000o}{section.5}% 23
\BOOKMARK [2][-]{subsection.5.5}{\376\377\000C\000o\000r\000r\000e\000c\000c\000i\000\363\000n\000\040\000a\000p\000l\000i\000c\000a\000d\000a}{section.5}% 24
\BOOKMARK [2][-]{subsection.5.6}{\376\377\000E\000j\000e\000c\000u\000c\000i\000\363\000n\000\040\000y\000\040\000r\000e\000s\000u\000l\000t\000a\000d\000o}{section.5}% 25
\BOOKMARK [1][-]{section.6}{\376\377\000E\000j\000e\000r\000c\000i\000c\000i\000o\000\040\0006}{}% 26
\BOOKMARK [2][-]{subsection.6.1}{\376\377\000A\000r\000c\000h\000i\000v\000o\000s}{section.6}% 27
\BOOKMARK [2][-]{subsection.6.2}{\376\377\000I\000n\000v\000a\000r\000i\000a\000n\000t\000e\000\040\000v\000a\000l\000i\000d\000a\000d\000o\000\040\000p\000o\000r\000\040\000r\000e\000p\000O\000K}{section.6}% 28
\BOOKMARK [2][-]{subsection.6.3}{\376\377\000T\000e\000s\000t\000s\000\040\000p\000a\000r\000a\000m\000e\000t\000r\000i\000z\000a\000d\000o\000s}{section.6}% 29
\BOOKMARK [2][-]{subsection.6.4}{\376\377\000E\000j\000e\000c\000u\000c\000i\000\363\000n}{section.6}% 30
\BOOKMARK [1][-]{section*.3}{\376\377\000C\000o\000n\000c\000l\000u\000s\000i\000o\000n\000e\000s}{}% 31
